1688549462.214909 client started (74161): version 3.3a, socket /private/tmp/tmux-505/default, protocol 8
1688549462.214994 on Darwin 21.6.0 Darwin Kernel Version 21.6.0: Mon Aug 22 20:19:52 PDT 2022; root:xnu-8020.140.49~2/RELEASE_ARM64_T6000
1688549462.216327 using libevent 2.1.12-stable (select); utf8proc 2.7.0; ncurses 6.3
1688549462.216347 flags are 0x10010000
1688549462.216352 socket is /private/tmp/tmux-505/default
1688549462.216370 trying connect
1688549462.217301 add peer 0x130048000: 6 (0x0)
1688549462.220658 sending message 100 to peer 0x130048000 (4 bytes)
1688549462.220668 sending message 111 to peer 0x130048000 (8 bytes)
1688549462.220672 sending message 101 to peer 0x130048000 (16 bytes)
1688549462.220676 sending message 109 to peer 0x130048000 (4 bytes)
1688549462.220679 sending message 102 to peer 0x130048000 (13 bytes)
1688549462.220683 sending message 108 to peer 0x130048000 (50 bytes)
1688549462.220686 sending message 112 to peer 0x130048000 (70 bytes)
1688549462.220690 sending message 112 to peer 0x130048000 (5 bytes)
1688549462.220693 sending message 112 to peer 0x130048000 (5 bytes)
1688549462.220697 sending message 112 to peer 0x130048000 (6 bytes)
1688549462.220700 sending message 112 to peer 0x130048000 (6 bytes)
1688549462.220703 sending message 112 to peer 0x130048000 (11 bytes)
1688549462.220707 sending message 112 to peer 0x130048000 (10 bytes)
1688549462.220710 sending message 112 to peer 0x130048000 (13 bytes)
1688549462.220714 sending message 112 to peer 0x130048000 (13 bytes)
1688549462.220717 sending message 112 to peer 0x130048000 (18 bytes)
1688549462.220720 sending message 112 to peer 0x130048000 (11 bytes)
1688549462.220724 sending message 112 to peer 0x130048000 (21 bytes)
1688549462.220728 sending message 112 to peer 0x130048000 (13 bytes)
1688549462.220731 sending message 112 to peer 0x130048000 (7 bytes)
1688549462.220734 sending message 112 to peer 0x130048000 (13 bytes)
1688549462.220738 sending message 112 to peer 0x130048000 (7 bytes)
1688549462.220741 sending message 112 to peer 0x130048000 (13 bytes)
1688549462.220744 sending message 112 to peer 0x130048000 (9 bytes)
1688549462.220748 sending message 112 to peer 0x130048000 (21 bytes)
1688549462.220751 sending message 112 to peer 0x130048000 (13 bytes)
1688549462.220754 sending message 112 to peer 0x130048000 (8 bytes)
1688549462.220758 sending message 112 to peer 0x130048000 (12 bytes)
1688549462.220761 sending message 112 to peer 0x130048000 (13 bytes)
1688549462.220764 sending message 112 to peer 0x130048000 (9 bytes)
1688549462.220768 sending message 112 to peer 0x130048000 (9 bytes)
1688549462.220771 sending message 112 to peer 0x130048000 (12 bytes)
1688549462.220774 sending message 112 to peer 0x130048000 (8 bytes)
1688549462.220778 sending message 112 to peer 0x130048000 (7 bytes)
1688549462.220781 sending message 112 to peer 0x130048000 (7 bytes)
1688549462.220784 sending message 112 to peer 0x130048000 (9 bytes)
1688549462.220788 sending message 112 to peer 0x130048000 (13 bytes)
1688549462.220791 sending message 112 to peer 0x130048000 (9 bytes)
1688549462.220795 sending message 112 to peer 0x130048000 (15 bytes)
1688549462.220798 sending message 112 to peer 0x130048000 (13 bytes)
1688549462.220801 sending message 112 to peer 0x130048000 (12 bytes)
1688549462.220805 sending message 112 to peer 0x130048000 (8 bytes)
1688549462.220808 sending message 112 to peer 0x130048000 (14 bytes)
1688549462.220811 sending message 112 to peer 0x130048000 (9 bytes)
1688549462.220814 sending message 112 to peer 0x130048000 (10 bytes)
1688549462.220818 sending message 112 to peer 0x130048000 (10 bytes)
1688549462.220821 sending message 112 to peer 0x130048000 (10 bytes)
1688549462.220824 sending message 112 to peer 0x130048000 (10 bytes)
1688549462.220828 sending message 112 to peer 0x130048000 (11 bytes)
1688549462.220831 sending message 112 to peer 0x130048000 (10 bytes)
1688549462.220834 sending message 112 to peer 0x130048000 (8 bytes)
1688549462.220838 sending message 112 to peer 0x130048000 (11 bytes)
1688549462.220841 sending message 112 to peer 0x130048000 (11 bytes)
1688549462.220852 sending message 112 to peer 0x130048000 (11 bytes)
1688549462.220854 sending message 112 to peer 0x130048000 (8 bytes)
1688549462.220856 sending message 112 to peer 0x130048000 (8 bytes)
1688549462.220858 sending message 112 to peer 0x130048000 (8 bytes)
1688549462.220861 sending message 112 to peer 0x130048000 (10 bytes)
1688549462.220863 sending message 112 to peer 0x130048000 (10 bytes)
1688549462.220865 sending message 112 to peer 0x130048000 (10 bytes)
1688549462.220867 sending message 112 to peer 0x130048000 (10 bytes)
1688549462.220869 sending message 112 to peer 0x130048000 (10 bytes)
1688549462.220871 sending message 112 to peer 0x130048000 (11 bytes)
1688549462.220873 sending message 112 to peer 0x130048000 (11 bytes)
1688549462.220875 sending message 112 to peer 0x130048000 (10 bytes)
1688549462.220877 sending message 112 to peer 0x130048000 (9 bytes)
1688549462.220879 sending message 112 to peer 0x130048000 (9 bytes)
1688549462.220881 sending message 112 to peer 0x130048000 (12 bytes)
1688549462.220883 sending message 112 to peer 0x130048000 (9 bytes)
1688549462.220885 sending message 112 to peer 0x130048000 (6 bytes)
1688549462.220887 sending message 112 to peer 0x130048000 (13 bytes)
1688549462.220889 sending message 112 to peer 0x130048000 (8 bytes)
1688549462.220891 sending message 112 to peer 0x130048000 (15 bytes)
1688549462.220893 sending message 112 to peer 0x130048000 (13 bytes)
1688549462.220895 sending message 112 to peer 0x130048000 (70 bytes)
1688549462.220897 sending message 112 to peer 0x130048000 (69 bytes)
1688549462.220900 sending message 112 to peer 0x130048000 (10 bytes)
1688549462.220902 sending message 112 to peer 0x130048000 (8 bytes)
1688549462.220904 sending message 112 to peer 0x130048000 (15 bytes)
1688549462.220906 sending message 112 to peer 0x130048000 (13 bytes)
1688549462.220908 sending message 112 to peer 0x130048000 (10 bytes)
1688549462.220910 sending message 112 to peer 0x130048000 (10 bytes)
1688549462.220912 sending message 112 to peer 0x130048000 (5 bytes)
1688549462.220914 sending message 112 to peer 0x130048000 (15 bytes)
1688549462.220918 sending message 104 to peer 0x130048000 (0 bytes)
1688549462.220920 sending message 110 to peer 0x130048000 (0 bytes)
1688549462.220923 sending message 107 to peer 0x130048000 (4 bytes)
1688549462.220925 sending message 105 to peer 0x130048000 (54 bytes)
1688549462.220927 sending message 105 to peer 0x130048000 (34 bytes)
1688549462.220929 sending message 105 to peer 0x130048000 (19 bytes)
1688549462.220931 sending message 105 to peer 0x130048000 (22 bytes)
1688549462.220933 sending message 105 to peer 0x130048000 (17 bytes)
1688549462.220935 sending message 105 to peer 0x130048000 (42 bytes)
1688549462.220937 sending message 105 to peer 0x130048000 (39 bytes)
1688549462.220939 sending message 105 to peer 0x130048000 (37 bytes)
1688549462.220941 sending message 105 to peer 0x130048000 (57 bytes)
1688549462.220943 sending message 105 to peer 0x130048000 (21 bytes)
1688549462.220945 sending message 105 to peer 0x130048000 (40 bytes)
1688549462.220947 sending message 105 to peer 0x130048000 (42 bytes)
1688549462.220949 sending message 105 to peer 0x130048000 (53 bytes)
1688549462.220951 sending message 105 to peer 0x130048000 (29 bytes)
1688549462.220953 sending message 105 to peer 0x130048000 (8 bytes)
1688549462.220955 sending message 105 to peer 0x130048000 (85 bytes)
1688549462.220957 sending message 105 to peer 0x130048000 (15 bytes)
1688549462.220959 sending message 105 to peer 0x130048000 (57 bytes)
1688549462.220961 sending message 105 to peer 0x130048000 (21 bytes)
1688549462.220963 sending message 105 to peer 0x130048000 (66 bytes)
1688549462.220965 sending message 105 to peer 0x130048000 (18 bytes)
1688549462.220967 sending message 105 to peer 0x130048000 (81 bytes)
1688549462.220969 sending message 105 to peer 0x130048000 (54 bytes)
1688549462.220971 sending message 105 to peer 0x130048000 (272 bytes)
1688549462.220973 sending message 105 to peer 0x130048000 (19 bytes)
1688549462.220981 sending message 105 to peer 0x130048000 (24 bytes)
1688549462.220983 sending message 105 to peer 0x130048000 (14 bytes)
1688549462.220985 sending message 105 to peer 0x130048000 (11 bytes)
1688549462.220987 sending message 105 to peer 0x130048000 (30 bytes)
1688549462.220989 sending message 105 to peer 0x130048000 (15 bytes)
1688549462.220991 sending message 105 to peer 0x130048000 (26 bytes)
1688549462.220993 sending message 105 to peer 0x130048000 (18 bytes)
1688549462.220995 sending message 106 to peer 0x130048000 (0 bytes)
1688549462.221068 sending message 200 to peer 0x130048000 (4 bytes)
1688549462.221072 client loop enter
1688549462.221728 peer 0x130048000 message 303
1688549462.221740 open write file 2 -
1688549462.221781 sending message 305 to peer 0x130048000 (8 bytes)
1688549462.221798 write check file 2
1688549462.221849 peer 0x130048000 message 304
1688549462.221853 write 58 to file 2
1688549462.221866 peer 0x130048000 message 203
1688549462.221874 file 2 58 bytes left
1688549462.221890 write check file 2
1688549462.221893 client loop exit
